Copyright 1986-2019 Xilinx, Inc. All Rights Reserved.
--------------------------------------------------------------------------------------------------------------------------------------------------------------------------------------------------------
| Tool Version : Vivado v.2019.2 (win64) Build 2708876 Wed Nov  6 21:40:23 MST 2019
| Date         : Wed Jun  9 18:16:22 2021
| Host         : DESKTOP-U11FC4T running 64-bit major release  (build 9200)
| Command      : report_methodology -file Beispielrechner_System_methodology_drc_routed.rpt -pb Beispielrechner_System_methodology_drc_routed.pb -rpx Beispielrechner_System_methodology_drc_routed.rpx
| Design       : Beispielrechner_System
| Device       : xc7a35tcpg236-1
| Speed File   : -1
| Design State : Fully Routed
--------------------------------------------------------------------------------------------------------------------------------------------------------------------------------------------------------

Report Methodology

Table of Contents
-----------------
1. REPORT SUMMARY
2. REPORT DETAILS

1. REPORT SUMMARY
-----------------
            Netlist: netlist
          Floorplan: design_1
      Design limits: <entire design considered>
             Max violations: <unlimited>
             Violations found: 4
+----------+----------+-----------------+------------+
| Rule     | Severity | Description     | Violations |
+----------+----------+-----------------+------------+
| SYNTH-10 | Warning  | Wide multiplier | 4          |
+----------+----------+-----------------+------------+

2. REPORT DETAILS
-----------------
SYNTH-10#1 Warning
Wide multiplier  
Detected multiplier at Processor_Inst/core/DataPath.ALU.mult/P_reg2_reg[0] of size 16x16, it is decomposed from a wide multipler into 4 DSP blocks.
Related violations: <none>

SYNTH-10#2 Warning
Wide multiplier  
Detected multiplier at Processor_Inst/core/DataPath.ALU.mult/P_reg2_reg[0]0 of size 16x18, it is decomposed from a wide multipler into 4 DSP blocks.
Related violations: <none>

SYNTH-10#3 Warning
Wide multiplier  
Detected multiplier at Processor_Inst/core/DataPath.ALU.mult/P_reg2_reg[0]0__0 of size 18x18, it is decomposed from a wide multipler into 4 DSP blocks.
Related violations: <none>

SYNTH-10#4 Warning
Wide multiplier  
Detected multiplier at Processor_Inst/core/DataPath.ALU.mult/P_reg2_reg[0]__0 of size 18x16, it is decomposed from a wide multipler into 4 DSP blocks.
Related violations: <none>


